// Jest Snapshot v1, https://goo.gl/fbAQLP

exports[`All cars renders correctly 1`] = `
Object {
  "asFragment": [Function],
  "baseElement": <body>
    <div>
      <div
        class="d-flex flex-column align-items-center w-100"
      >
        <h2
          style="margin-top: 3rem;"
        >
          Latest Models
        </h2>
        <p>
          Please select a car model
        </p>
        <div
          class="d-flex flex-row cars-container position-relative"
        >
          <button
            class="pagination-btn btn left"
            disabled=""
            type="button"
          >
            <svg
              fill="none"
              height="3em"
              stroke="currentColor"
              stroke-width="0"
              viewBox="0 0 15 15"
              width="3em"
              xmlns="http://www.w3.org/2000/svg"
            >
              <path
                d="M9 4L9 11L4.5 7.5L9 4Z"
                fill="currentColor"
              />
            </svg>
          </button>
          <div
            class="d-flex flex-row align-items-baseline cars-box"
          />
          <button
            class="pagination-btn btn right"
            disabled=""
            type="button"
          >
            <svg
              fill="none"
              height="3em"
              stroke="currentColor"
              stroke-width="0"
              viewBox="0 0 15 15"
              width="3em"
              xmlns="http://www.w3.org/2000/svg"
            >
              <path
                d="M6 11L6 4L10.5 7.5L6 11Z"
                fill="currentColor"
              />
            </svg>
          </button>
        </div>
      </div>
    </div>
  </body>,
  "container": <div>
    <div
      class="d-flex flex-column align-items-center w-100"
    >
      <h2
        style="margin-top: 3rem;"
      >
        Latest Models
      </h2>
      <p>
        Please select a car model
      </p>
      <div
        class="d-flex flex-row cars-container position-relative"
      >
        <button
          class="pagination-btn btn left"
          disabled=""
          type="button"
        >
          <svg
            fill="none"
            height="3em"
            stroke="currentColor"
            stroke-width="0"
            viewBox="0 0 15 15"
            width="3em"
            xmlns="http://www.w3.org/2000/svg"
          >
            <path
              d="M9 4L9 11L4.5 7.5L9 4Z"
              fill="currentColor"
            />
          </svg>
        </button>
        <div
          class="d-flex flex-row align-items-baseline cars-box"
        />
        <button
          class="pagination-btn btn right"
          disabled=""
          type="button"
        >
          <svg
            fill="none"
            height="3em"
            stroke="currentColor"
            stroke-width="0"
            viewBox="0 0 15 15"
            width="3em"
            xmlns="http://www.w3.org/2000/svg"
          >
            <path
              d="M6 11L6 4L10.5 7.5L6 11Z"
              fill="currentColor"
            />
          </svg>
        </button>
      </div>
    </div>
  </div>,
  "debug": [Function],
  "findAllByAltText": [Function],
  "findAllByDisplayValue": [Function],
  "findAllByLabelText": [Function],
  "findAllByPlaceholderText": [Function],
  "findAllByRole": [Function],
  "findAllByTestId": [Function],
  "findAllByText": [Function],
  "findAllByTitle": [Function],
  "findByAltText": [Function],
  "findByDisplayValue": [Function],
  "findByLabelText": [Function],
  "findByPlaceholderText": [Function],
  "findByRole": [Function],
  "findByTestId": [Function],
  "findByText": [Function],
  "findByTitle": [Function],
  "getAllByAltText": [Function],
  "getAllByDisplayValue": [Function],
  "getAllByLabelText": [Function],
  "getAllByPlaceholderText": [Function],
  "getAllByRole": [Function],
  "getAllByTestId": [Function],
  "getAllByText": [Function],
  "getAllByTitle": [Function],
  "getByAltText": [Function],
  "getByDisplayValue": [Function],
  "getByLabelText": [Function],
  "getByPlaceholderText": [Function],
  "getByRole": [Function],
  "getByTestId": [Function],
  "getByText": [Function],
  "getByTitle": [Function],
  "queryAllByAltText": [Function],
  "queryAllByDisplayValue": [Function],
  "queryAllByLabelText": [Function],
  "queryAllByPlaceholderText": [Function],
  "queryAllByRole": [Function],
  "queryAllByTestId": [Function],
  "queryAllByText": [Function],
  "queryAllByTitle": [Function],
  "queryByAltText": [Function],
  "queryByDisplayValue": [Function],
  "queryByLabelText": [Function],
  "queryByPlaceholderText": [Function],
  "queryByRole": [Function],
  "queryByTestId": [Function],
  "queryByText": [Function],
  "queryByTitle": [Function],
  "rerender": [Function],
  "unmount": [Function],
}
`;
